BG Colors:
  fill: !!python/tuple [25, 6, 85, 255]
  ? !!python/tuple [450, 50]
  : !!python/tuple
  - background
  - !!python/tuple [0, 0, 0, 255]
BG Tiles: {}
Chests:
  ? !!python/tuple [600, 300]
  : !!python/tuple
  - item_place
  - !!python/tuple [50, 100]
  - !!python/tuple [shield, tin]
  - !!python/unicode 'yellow chest'
Enemies:
  ? !!python/tuple [200, 350]
  : !!python/tuple
  - enemy_place
  - !!python/tuple [50, 50]
  - 1.0
  ? !!python/tuple [700, 150]
  : !!python/tuple
  - enemy_place
  - !!python/tuple [50, 0]
  - 1.0
Environment: {}
Foreground: {}
Items: {}
Portal:
  ? !!python/tuple [450, 50]
  : - !!python/unicode 'overworld.wrl'
    - !!python/tuple [4, 6]
    - !!python/tuple [3, 8]
Push:
  ? !!python/tuple [250, 150]
  : - base
    - &id008 !!python/tuple [350, 550]
    - !!python/unicode '1111'
    - 0
    - !!python/unicode 'rock'
Solid:
  ? !!python/tuple [0, 0]
  : &id001 !!python/tuple
  - base
  - !!python/tuple [0, 0]
  ? !!python/tuple [0, 50]
  : *id001
  ? !!python/tuple [0, 100]
  : *id001
  ? !!python/tuple [0, 150]
  : *id001
  ? !!python/tuple [0, 200]
  : *id001
  ? !!python/tuple [0, 250]
  : &id002 !!python/tuple
  - base
  - !!python/tuple [0, 0]
  ? !!python/tuple [0, 300]
  : *id002
  ? !!python/tuple [0, 350]
  : *id002
  ? !!python/tuple [0, 400]
  : *id002
  ? !!python/tuple [0, 450]
  : *id002
  ? !!python/tuple [0, 500]
  : *id002
  ? !!python/tuple [0, 550]
  : *id002
  ? !!python/tuple [0, 600]
  : *id002
  ? !!python/tuple [0, 650]
  : *id002
  ? !!python/tuple [50, 0]
  : *id001
  ? !!python/tuple [50, 50]
  : *id001
  ? !!python/tuple [50, 100]
  : *id001
  ? !!python/tuple [50, 150]
  : !!python/tuple
  - base
  - !!python/tuple [200, 50]
  ? !!python/tuple [50, 200]
  : *id001
  ? !!python/tuple [50, 250]
  : *id001
  ? !!python/tuple [50, 300]
  : *id001
  ? !!python/tuple [50, 350]
  : *id001
  ? !!python/tuple [50, 400]
  : !!python/tuple
  - base
  - !!python/tuple [0, 0]
  ? !!python/tuple [50, 450]
  : *id001
  ? !!python/tuple [50, 500]
  : *id002
  ? !!python/tuple [50, 550]
  : *id002
  ? !!python/tuple [50, 600]
  : *id002
  ? !!python/tuple [50, 650]
  : *id002
  ? !!python/tuple [100, 0]
  : *id001
  ? !!python/tuple [100, 50]
  : *id001
  ? !!python/tuple [100, 100]
  : &id004 !!python/tuple
  - base
  - !!python/tuple [300, 50]
  ? !!python/tuple [100, 200]
  : !!python/tuple
  - base
  - !!python/tuple [50, 0]
  ? !!python/tuple [100, 250]
  : &id003 !!python/tuple
  - base
  - !!python/tuple [200, 0]
  ? !!python/tuple [100, 300]
  : *id003
  ? !!python/tuple [100, 350]
  : *id003
  ? !!python/tuple [100, 400]
  : !!python/tuple
  - base
  - !!python/tuple [250, 0]
  ? !!python/tuple [100, 450]
  : *id001
  ? !!python/tuple [100, 500]
  : *id001
  ? !!python/tuple [100, 550]
  : *id002
  ? !!python/tuple [100, 600]
  : *id002
  ? !!python/tuple [100, 650]
  : *id002
  ? !!python/tuple [150, 0]
  : *id001
  ? !!python/tuple [150, 50]
  : *id004
  ? !!python/tuple [150, 450]
  : !!python/tuple
  - base
  - !!python/tuple [50, 0]
  ? !!python/tuple [150, 500]
  : !!python/tuple
  - base
  - !!python/tuple [0, 0]
  ? !!python/tuple [150, 550]
  : *id001
  ? !!python/tuple [150, 600]
  : *id002
  ? !!python/tuple [150, 650]
  : *id002
  ? !!python/tuple [200, 0]
  : &id005 !!python/tuple
  - base
  - !!python/tuple [350, 50]
  ? !!python/tuple [200, 500]
  : !!python/tuple
  - base
  - !!python/tuple [100, 50]
  ? !!python/tuple [200, 550]
  : *id001
  ? !!python/tuple [200, 600]
  : *id002
  ? !!python/tuple [200, 650]
  : *id002
  ? !!python/tuple [250, 0]
  : *id005
  ? !!python/tuple [250, 400]
  : !!python/tuple
  - base
  - !!python/tuple [350, 550]
  ? !!python/tuple [250, 500]
  : !!python/tuple
  - base
  - !!python/tuple [50, 50]
  ? !!python/tuple [250, 550]
  : *id001
  ? !!python/tuple [250, 600]
  : *id002
  ? !!python/tuple [250, 650]
  : *id002
  ? !!python/tuple [300, 0]
  : *id005
  ? !!python/tuple [300, 550]
  : !!python/tuple
  - base
  - !!python/tuple [0, 0]
  ? !!python/tuple [300, 600]
  : *id002
  ? !!python/tuple [300, 650]
  : *id002
  ? !!python/tuple [350, 0]
  : *id005
  ? !!python/tuple [350, 500]
  : !!python/tuple
  - base
  - !!python/tuple [0, 50]
  ? !!python/tuple [350, 550]
  : *id001
  ? !!python/tuple [350, 600]
  : *id002
  ? !!python/tuple [350, 650]
  : *id002
  ? !!python/tuple [400, 0]
  : *id001
  ? !!python/tuple [400, 50]
  : !!python/tuple
  - base
  - !!python/tuple [250, 50]
  ? !!python/tuple [400, 450]
  : &id011 !!python/tuple
  - base
  - !!python/tuple [100, 0]
  ? !!python/tuple [400, 500]
  : *id001
  ? !!python/tuple [400, 550]
  : *id001
  ? !!python/tuple [400, 600]
  : *id002
  ? !!python/tuple [400, 650]
  : *id002
  ? !!python/tuple [450, 0]
  : !!python/tuple
  - base
  - !!python/tuple [0, 0]
  ? !!python/tuple [450, 400]
  : !!python/tuple
  - base
  - !!python/tuple [0, 50]
  ? !!python/tuple [450, 450]
  : *id001
  ? !!python/tuple [450, 500]
  : *id002
  ? !!python/tuple [450, 550]
  : *id002
  ? !!python/tuple [450, 600]
  : *id002
  ? !!python/tuple [500, 0]
  : !!python/tuple
  - base
  - !!python/tuple [0, 0]
  ? !!python/tuple [500, 50]
  : !!python/tuple
  - base
  - !!python/tuple [300, 50]
  ? !!python/tuple [500, 400]
  : &id006 !!python/tuple
  - base
  - !!python/tuple [100, 50]
  ? !!python/tuple [500, 450]
  : *id002
  ? !!python/tuple [500, 500]
  : *id002
  ? !!python/tuple [500, 550]
  : *id002
  ? !!python/tuple [500, 600]
  : &id009 !!python/tuple
  - base
  - !!python/tuple [350, 50]
  ? !!python/tuple [550, 0]
  : &id007 !!python/tuple
  - base
  - !!python/tuple [350, 50]
  ? !!python/tuple [550, 400]
  : *id006
  ? !!python/tuple [550, 450]
  : *id002
  ? !!python/tuple [550, 500]
  : *id002
  ? !!python/tuple [550, 550]
  : *id002
  ? !!python/tuple [550, 600]
  : !!python/tuple
  - base
  - !!python/tuple [300, 50]
  ? !!python/tuple [600, 0]
  : *id007
  ? !!python/tuple [600, 250]
  : &id010 !!python/tuple
  - base
  - *id008
  ? !!python/tuple [600, 400]
  : *id006
  ? !!python/tuple [600, 450]
  : *id002
  ? !!python/tuple [600, 500]
  : *id002
  ? !!python/tuple [600, 550]
  : *id009
  ? !!python/tuple [650, 0]
  : *id007
  ? !!python/tuple [650, 200]
  : *id010
  ? !!python/tuple [650, 250]
  : *id010
  ? !!python/tuple [650, 400]
  : !!python/tuple
  - base
  - !!python/tuple [50, 0]
  ? !!python/tuple [650, 450]
  : *id001
  ? !!python/tuple [650, 500]
  : *id002
  ? !!python/tuple [650, 550]
  : *id009
  ? !!python/tuple [700, 0]
  : *id007
  ? !!python/tuple [750, 0]
  : *id007
  ? !!python/tuple [750, 400]
  : *id011
  ? !!python/tuple [750, 450]
  : *id001
  ? !!python/tuple [750, 500]
  : *id002
  ? !!python/tuple [750, 550]
  : !!python/tuple
  - base
  - !!python/tuple [300, 50]
  ? !!python/tuple [800, 0]
  : *id007
  ? !!python/tuple [800, 350]
  : *id011
  ? !!python/tuple [800, 400]
  : *id001
  ? !!python/tuple [800, 450]
  : *id001
  ? !!python/tuple [800, 500]
  : *id009
  ? !!python/tuple [850, 0]
  : *id001
  ? !!python/tuple [850, 50]
  : &id012 !!python/tuple
  - base
  - !!python/tuple [150, 50]
  ? !!python/tuple [850, 100]
  : !!python/tuple
  - base
  - !!python/tuple [250, 50]
  ? !!python/tuple [850, 200]
  : *id011
  ? !!python/tuple [850, 250]
  : *id001
  ? !!python/tuple [850, 300]
  : *id001
  ? !!python/tuple [850, 350]
  : *id001
  ? !!python/tuple [850, 400]
  : *id001
  ? !!python/tuple [850, 450]
  : *id002
  ? !!python/tuple [850, 500]
  : *id009
  ? !!python/tuple [850, 650]
  : !!python/tuple
  - base
  - !!python/tuple [0, 50]
  ? !!python/tuple [900, 0]
  : *id001
  ? !!python/tuple [900, 50]
  : *id001
  ? !!python/tuple [900, 100]
  : *id001
  ? !!python/tuple [900, 150]
  : *id012
  ? !!python/tuple [900, 200]
  : *id001
  ? !!python/tuple [900, 250]
  : *id001
  ? !!python/tuple [900, 300]
  : *id002
  ? !!python/tuple [900, 350]
  : *id002
  ? !!python/tuple [900, 400]
  : *id002
  ? !!python/tuple [900, 450]
  : *id002
  ? !!python/tuple [900, 500]
  : *id009
  ? !!python/tuple [900, 650]
  : &id013 !!python/tuple
  - base
  - !!python/tuple [100, 50]
  ? !!python/tuple [950, 0]
  : *id001
  ? !!python/tuple [950, 50]
  : *id001
  ? !!python/tuple [950, 100]
  : *id001
  ? !!python/tuple [950, 150]
  : *id001
  ? !!python/tuple [950, 200]
  : *id001
  ? !!python/tuple [950, 250]
  : *id002
  ? !!python/tuple [950, 300]
  : *id002
  ? !!python/tuple [950, 350]
  : *id002
  ? !!python/tuple [950, 400]
  : *id002
  ? !!python/tuple [950, 450]
  : *id002
  ? !!python/tuple [950, 500]
  : *id009
  ? !!python/tuple [950, 650]
  : *id013
Solid/Fore: {}
Water:
  ? !!python/tuple [450, 650]
  : &id014 !!python/tuple
  - water
  - !!python/tuple [100, 0]
  ? !!python/tuple [500, 600]
  : &id015 !!python/tuple
  - water
  - !!python/tuple [100, 0]
  ? !!python/tuple [500, 650]
  : *id014
  ? !!python/tuple [550, 600]
  : *id015
  ? !!python/tuple [550, 650]
  : *id014
  ? !!python/tuple [600, 550]
  : *id015
  ? !!python/tuple [600, 600]
  : *id014
  ? !!python/tuple [600, 650]
  : *id014
  ? !!python/tuple [650, 550]
  : *id015
  ? !!python/tuple [650, 600]
  : *id014
  ? !!python/tuple [650, 650]
  : *id014
  ? !!python/tuple [700, 450]
  : *id014
  ? !!python/tuple [700, 500]
  : *id014
  ? !!python/tuple [700, 550]
  : *id014
  ? !!python/tuple [700, 600]
  : *id014
  ? !!python/tuple [700, 650]
  : *id014
  ? !!python/tuple [750, 550]
  : *id015
  ? !!python/tuple [750, 600]
  : *id014
  ? !!python/tuple [750, 650]
  : *id014
  ? !!python/tuple [800, 500]
  : *id015
  ? !!python/tuple [800, 550]
  : *id014
  ? !!python/tuple [800, 600]
  : *id014
  ? !!python/tuple [800, 650]
  : *id014
  ? !!python/tuple [850, 500]
  : *id015
  ? !!python/tuple [850, 550]
  : *id014
  ? !!python/tuple [850, 600]
  : *id014
  ? !!python/tuple [850, 650]
  : *id014
  ? !!python/tuple [900, 500]
  : *id015
  ? !!python/tuple [900, 550]
  : *id014
  ? !!python/tuple [900, 600]
  : *id014
  ? !!python/tuple [900, 650]
  : *id014
  ? !!python/tuple [950, 500]
  : *id015
  ? !!python/tuple [950, 550]
  : *id014
  ? !!python/tuple [950, 600]
  : *id014
  ? !!python/tuple [950, 650]
  : *id014
