BG Colors:
  fill: !!python/tuple [255, 178, 127, 255]
  ? !!python/tuple [200, 550]
  : &id002 !!python/tuple
  - background
  - !!python/tuple [181, 112, 66, 255]
  ? !!python/tuple [250, 500]
  : &id001 !!python/tuple
  - background
  - !!python/tuple [181, 112, 66, 255]
  ? !!python/tuple [250, 550]
  : *id001
  ? !!python/tuple [250, 600]
  : *id002
  ? !!python/tuple [300, 450]
  : *id001
  ? !!python/tuple [300, 500]
  : *id001
  ? !!python/tuple [300, 550]
  : *id001
  ? !!python/tuple [300, 600]
  : *id001
  ? !!python/tuple [300, 650]
  : *id001
  ? !!python/tuple [350, 400]
  : *id001
  ? !!python/tuple [350, 450]
  : *id001
  ? !!python/tuple [350, 550]
  : *id001
  ? !!python/tuple [350, 600]
  : *id001
  ? !!python/tuple [350, 650]
  : *id001
  ? !!python/tuple [400, 400]
  : *id001
  ? !!python/tuple [400, 450]
  : *id001
  ? !!python/tuple [400, 500]
  : *id001
  ? !!python/tuple [400, 550]
  : *id001
  ? !!python/tuple [400, 600]
  : *id001
  ? !!python/tuple [400, 650]
  : *id002
  ? !!python/tuple [450, 350]
  : *id001
  ? !!python/tuple [450, 400]
  : *id001
  ? !!python/tuple [450, 450]
  : *id001
  ? !!python/tuple [450, 500]
  : *id001
  ? !!python/tuple [450, 550]
  : *id001
  ? !!python/tuple [450, 600]
  : *id001
  ? !!python/tuple [500, 350]
  : *id001
  ? !!python/tuple [500, 400]
  : *id001
  ? !!python/tuple [500, 450]
  : *id001
  ? !!python/tuple [500, 500]
  : *id001
  ? !!python/tuple [500, 600]
  : *id001
  ? !!python/tuple [500, 650]
  : *id001
  ? !!python/tuple [550, 300]
  : *id001
  ? !!python/tuple [550, 350]
  : *id001
  ? !!python/tuple [550, 400]
  : *id001
  ? !!python/tuple [550, 450]
  : *id001
  ? !!python/tuple [550, 650]
  : *id001
  ? !!python/tuple [600, 250]
  : *id001
  ? !!python/tuple [600, 300]
  : *id001
  ? !!python/tuple [600, 350]
  : *id001
  ? !!python/tuple [600, 400]
  : *id001
  ? !!python/tuple [650, 200]
  : *id001
  ? !!python/tuple [650, 250]
  : *id001
  ? !!python/tuple [650, 300]
  : *id001
  ? !!python/tuple [650, 350]
  : *id001
  ? !!python/tuple [700, 200]
  : *id001
  ? !!python/tuple [700, 250]
  : *id001
  ? !!python/tuple [700, 300]
  : *id001
  ? !!python/tuple [700, 350]
  : *id001
  ? !!python/tuple [750, 200]
  : *id001
  ? !!python/tuple [750, 250]
  : *id001
  ? !!python/tuple [750, 300]
  : *id001
BG Tiles:
  ? !!python/tuple [0, 300]
  : &id003 !!python/tuple
  - base
  - !!python/tuple [0, 500]
  ? !!python/tuple [0, 350]
  : *id003
  ? !!python/tuple [0, 400]
  : *id003
  ? !!python/tuple [0, 450]
  : *id003
  ? !!python/tuple [0, 500]
  : *id003
  ? !!python/tuple [0, 550]
  : *id003
  ? !!python/tuple [0, 600]
  : *id003
  ? !!python/tuple [0, 650]
  : *id003
  ? !!python/tuple [50, 450]
  : *id003
  ? !!python/tuple [50, 500]
  : *id003
  ? !!python/tuple [50, 550]
  : *id003
  ? !!python/tuple [50, 600]
  : *id003
  ? !!python/tuple [50, 650]
  : *id003
  ? !!python/tuple [100, 550]
  : *id003
  ? !!python/tuple [100, 600]
  : *id003
  ? !!python/tuple [100, 650]
  : *id003
  ? !!python/tuple [150, 600]
  : *id003
  ? !!python/tuple [150, 650]
  : *id003
  ? !!python/tuple [350, 600]
  : !!python/tuple
  - base
  - !!python/tuple [0, 500]
  ? !!python/tuple [400, 550]
  : &id004 !!python/tuple
  - base
  - !!python/tuple [0, 500]
  ? !!python/tuple [450, 450]
  : *id004
  ? !!python/tuple [450, 550]
  : *id004
  ? !!python/tuple [450, 600]
  : *id004
  ? !!python/tuple [500, 500]
  : *id004
  ? !!python/tuple [500, 550]
  : *id004
  ? !!python/tuple [500, 600]
  : *id004
  ? !!python/tuple [500, 650]
  : *id004
  ? !!python/tuple [550, 400]
  : *id004
  ? !!python/tuple [550, 450]
  : *id004
  ? !!python/tuple [550, 500]
  : *id004
  ? !!python/tuple [550, 550]
  : *id004
  ? !!python/tuple [550, 600]
  : *id004
  ? !!python/tuple [550, 650]
  : *id004
  ? !!python/tuple [600, 400]
  : *id004
  ? !!python/tuple [600, 450]
  : *id004
  ? !!python/tuple [600, 500]
  : *id004
  ? !!python/tuple [600, 550]
  : *id004
  ? !!python/tuple [600, 600]
  : *id004
  ? !!python/tuple [600, 650]
  : *id004
  ? !!python/tuple [650, 400]
  : *id004
  ? !!python/tuple [650, 450]
  : *id004
  ? !!python/tuple [650, 500]
  : *id004
  ? !!python/tuple [650, 550]
  : *id004
  ? !!python/tuple [650, 600]
  : *id004
  ? !!python/tuple [650, 650]
  : *id004
  ? !!python/tuple [700, 350]
  : *id004
  ? !!python/tuple [700, 400]
  : *id004
  ? !!python/tuple [700, 500]
  : *id004
  ? !!python/tuple [700, 550]
  : *id004
  ? !!python/tuple [700, 600]
  : *id004
  ? !!python/tuple [700, 650]
  : *id004
  ? !!python/tuple [750, 100]
  : *id004
  ? !!python/tuple [750, 300]
  : *id004
  ? !!python/tuple [750, 350]
  : *id004
  ? !!python/tuple [750, 400]
  : *id004
  ? !!python/tuple [750, 550]
  : *id004
  ? !!python/tuple [750, 600]
  : *id004
  ? !!python/tuple [750, 650]
  : *id004
  ? !!python/tuple [800, 250]
  : *id004
  ? !!python/tuple [800, 300]
  : *id004
  ? !!python/tuple [800, 350]
  : *id004
  ? !!python/tuple [800, 600]
  : *id004
  ? !!python/tuple [800, 650]
  : *id004
  ? !!python/tuple [850, 450]
  : *id004
  ? !!python/tuple [850, 600]
  : *id004
  ? !!python/tuple [850, 650]
  : *id004
  ? !!python/tuple [900, 100]
  : *id004
  ? !!python/tuple [900, 350]
  : *id004
  ? !!python/tuple [900, 450]
  : *id004
  ? !!python/tuple [900, 550]
  : *id004
  ? !!python/tuple [900, 600]
  : *id004
  ? !!python/tuple [900, 650]
  : *id004
  ? !!python/tuple [950, 250]
  : *id004
  ? !!python/tuple [950, 500]
  : *id004
  ? !!python/tuple [950, 550]
  : *id004
  ? !!python/tuple [950, 600]
  : *id004
  ? !!python/tuple [950, 650]
  : *id004
Chests: {}
Enemies:
  ? !!python/tuple [50, 550]
  : !!python/tuple
  - enemy_place
  - !!python/tuple [200, 50]
  - 0.5
  ? !!python/tuple [150, 100]
  : !!python/tuple
  - enemy_place
  - !!python/tuple [300, 50]
  - 1.0
  ? !!python/tuple [350, 500]
  : !!python/tuple
  - enemy_place
  - !!python/tuple [50, 100]
  - 1.0
  ? !!python/tuple [450, 450]
  : !!python/tuple
  - enemy_place
  - !!python/tuple [0, 0]
  - 1.0
  ? !!python/tuple [650, 350]
  : !!python/tuple
  - enemy_place
  - !!python/tuple [250, 50]
  - 1.0
  ? !!python/tuple [750, 350]
  : !!python/tuple
  - enemy_place
  - &id005 !!python/tuple [200, 0]
  - 0.5
  ? !!python/tuple [900, 550]
  : !!python/tuple
  - enemy_place
  - *id005
  - 1.0
Environment: {}
Foreground:
  ? !!python/tuple [300, 550]
  : !!python/tuple
  - base
  - !!python/tuple [250, 400]
  ? !!python/tuple [800, 50]
  : !!python/tuple
  - base
  - !!python/tuple [350, 450]
Items: {}
Push: {}
Solid:
  ? !!python/tuple [0, 200]
  : &id006 !!python/tuple
  - base
  - !!python/tuple [200, 450]
  ? !!python/tuple [0, 250]
  : *id006
  ? !!python/tuple [0, 300]
  : *id006
  ? !!python/tuple [0, 350]
  : &id018 !!python/tuple
  - base
  - !!python/tuple [50, 450]
  ? !!python/tuple [0, 400]
  : *id006
  ? !!python/tuple [50, 100]
  : &id007 !!python/tuple
  - base
  - !!python/tuple [150, 550]
  ? !!python/tuple [100, 50]
  : *id007
  ? !!python/tuple [100, 100]
  : &id009 !!python/tuple
  - base
  - !!python/tuple [300, 550]
  ? !!python/tuple [100, 150]
  : *id007
  ? !!python/tuple [100, 250]
  : *id006
  ? !!python/tuple [100, 300]
  : *id006
  ? !!python/tuple [100, 400]
  : *id006
  ? !!python/tuple [100, 500]
  : &id008 !!python/tuple
  - base
  - !!python/tuple [50, 450]
  ? !!python/tuple [100, 550]
  : *id008
  ? !!python/tuple [150, 150]
  : *id009
  ? !!python/tuple [150, 350]
  : !!python/tuple
  - base
  - !!python/tuple [350, 400]
  ? !!python/tuple [150, 400]
  : *id006
  ? !!python/tuple [150, 550]
  : &id010 !!python/tuple
  - base
  - !!python/tuple [100, 550]
  ? !!python/tuple [200, 150]
  : *id006
  ? !!python/tuple [200, 200]
  : *id006
  ? !!python/tuple [200, 250]
  : *id008
  ? !!python/tuple [200, 550]
  : *id010
  ? !!python/tuple [200, 600]
  : &id011 !!python/tuple
  - base
  - !!python/tuple [150, 550]
  ? !!python/tuple [250, 100]
  : *id006
  ? !!python/tuple [250, 200]
  : *id006
  ? !!python/tuple [250, 250]
  : *id008
  ? !!python/tuple [250, 500]
  : *id010
  ? !!python/tuple [300, 100]
  : *id006
  ? !!python/tuple [300, 350]
  : !!python/tuple
  - base
  - !!python/tuple [0, 50]
  ? !!python/tuple [300, 400]
  : !!python/tuple
  - base
  - !!python/tuple [250, 50]
  ? !!python/tuple [300, 600]
  : !!python/tuple
  - base
  - !!python/tuple [250, 450]
  ? !!python/tuple [350, 50]
  : *id006
  ? !!python/tuple [350, 100]
  : *id006
  ? !!python/tuple [350, 200]
  : *id011
  ? !!python/tuple [350, 250]
  : *id010
  ? !!python/tuple [350, 350]
  : &id012 !!python/tuple
  - base
  - !!python/tuple [100, 50]
  ? !!python/tuple [350, 400]
  : !!python/tuple
  - base
  - !!python/tuple [350, 50]
  ? !!python/tuple [400, 50]
  : *id006
  ? !!python/tuple [400, 200]
  : *id010
  ? !!python/tuple [400, 350]
  : *id012
  ? !!python/tuple [400, 400]
  : &id014 !!python/tuple
  - base
  - !!python/tuple [300, 50]
  ? !!python/tuple [450, 300]
  : !!python/tuple
  - base
  - !!python/tuple [100, 0]
  ? !!python/tuple [450, 350]
  : &id013 !!python/tuple
  - base
  - !!python/tuple [0, 0]
  ? !!python/tuple [500, 100]
  : *id008
  ? !!python/tuple [500, 250]
  : &id015 !!python/tuple
  - base
  - !!python/tuple [100, 0]
  ? !!python/tuple [500, 300]
  : *id013
  ? !!python/tuple [500, 350]
  : *id014
  ? !!python/tuple [550, 200]
  : *id015
  ? !!python/tuple [550, 250]
  : *id013
  ? !!python/tuple [550, 300]
  : *id014
  ? !!python/tuple [600, 150]
  : !!python/tuple
  - base
  - !!python/tuple [0, 50]
  ? !!python/tuple [600, 200]
  : *id013
  ? !!python/tuple [600, 250]
  : *id013
  ? !!python/tuple [600, 550]
  : &id016 !!python/tuple
  - base
  - !!python/tuple [350, 400]
  ? !!python/tuple [650, 50]
  : *id008
  ? !!python/tuple [650, 150]
  : !!python/tuple
  - base
  - !!python/tuple [100, 50]
  ? !!python/tuple [650, 200]
  : *id013
  ? !!python/tuple [650, 250]
  : *id014
  ? !!python/tuple [650, 500]
  : *id010
  ? !!python/tuple [700, 150]
  : !!python/tuple
  - base
  - !!python/tuple [50, 0]
  ? !!python/tuple [700, 200]
  : !!python/tuple
  - base
  - !!python/tuple [300, 0]
  ? !!python/tuple [750, 250]
  : *id010
  ? !!python/tuple [800, 100]
  : !!python/tuple
  - base
  - !!python/tuple [300, 450]
  ? !!python/tuple [800, 200]
  : *id010
  ? !!python/tuple [800, 250]
  : *id010
  ? !!python/tuple [800, 450]
  : *id016
  ? !!python/tuple [800, 500]
  : *id016
  ? !!python/tuple [850, 150]
  : &id017 !!python/tuple
  - base
  - !!python/tuple [200, 450]
  ? !!python/tuple [850, 200]
  : *id011
  ? !!python/tuple [850, 400]
  : *id016
  ? !!python/tuple [850, 450]
  : *id016
  ? !!python/tuple [900, 150]
  : *id017
  ? !!python/tuple [900, 200]
  : *id010
  ? !!python/tuple [900, 250]
  : *id017
  ? !!python/tuple [900, 300]
  : *id018
  ? !!python/tuple [950, 300]
  : *id017
  ? !!python/tuple [950, 350]
  : *id018
Solid/Fore: {}
Water: {}
