BG Colors:
  fill: !!python/tuple [255, 178, 127, 255]
  ? !!python/tuple [0, 150]
  : &id001 !!python/tuple
  - background
  - !!python/tuple [181, 112, 66, 255]
  ? !!python/tuple [0, 200]
  : *id001
  ? !!python/tuple [0, 250]
  : *id001
  ? !!python/tuple [0, 300]
  : *id001
  ? !!python/tuple [0, 350]
  : *id001
  ? !!python/tuple [0, 400]
  : *id001
  ? !!python/tuple [0, 450]
  : *id001
  ? !!python/tuple [0, 500]
  : *id001
  ? !!python/tuple [0, 550]
  : *id001
  ? !!python/tuple [0, 600]
  : *id001
  ? !!python/tuple [50, 300]
  : *id001
  ? !!python/tuple [50, 350]
  : *id001
  ? !!python/tuple [50, 400]
  : *id001
  ? !!python/tuple [50, 450]
  : *id001
  ? !!python/tuple [200, 0]
  : &id002 !!python/tuple
  - background
  - !!python/tuple [181, 112, 66, 255]
  ? !!python/tuple [250, 0]
  : *id002
  ? !!python/tuple [250, 200]
  : *id002
  ? !!python/tuple [250, 500]
  : &id003 !!python/tuple
  - background
  - !!python/tuple [181, 112, 66, 255]
  ? !!python/tuple [250, 550]
  : *id003
  ? !!python/tuple [300, 0]
  : *id002
  ? !!python/tuple [300, 50]
  : *id002
  ? !!python/tuple [300, 150]
  : *id002
  ? !!python/tuple [300, 450]
  : *id003
  ? !!python/tuple [300, 500]
  : *id003
  ? !!python/tuple [300, 550]
  : *id003
  ? !!python/tuple [300, 600]
  : *id003
  ? !!python/tuple [350, 0]
  : *id002
  ? !!python/tuple [350, 50]
  : *id002
  ? !!python/tuple [350, 100]
  : *id002
  ? !!python/tuple [350, 150]
  : *id002
  ? !!python/tuple [350, 450]
  : *id003
  ? !!python/tuple [350, 500]
  : *id003
  ? !!python/tuple [350, 550]
  : *id003
  ? !!python/tuple [350, 600]
  : *id003
  ? !!python/tuple [400, 0]
  : *id002
  ? !!python/tuple [400, 50]
  : *id002
  ? !!python/tuple [400, 100]
  : *id002
  ? !!python/tuple [400, 500]
  : *id003
  ? !!python/tuple [400, 550]
  : *id003
  ? !!python/tuple [400, 600]
  : *id003
  ? !!python/tuple [450, 0]
  : *id002
  ? !!python/tuple [450, 50]
  : *id002
  ? !!python/tuple [450, 100]
  : *id002
  ? !!python/tuple [450, 150]
  : *id002
  ? !!python/tuple [450, 500]
  : *id003
  ? !!python/tuple [450, 600]
  : *id003
  ? !!python/tuple [500, 0]
  : *id002
  ? !!python/tuple [500, 50]
  : *id002
  ? !!python/tuple [500, 100]
  : *id002
  ? !!python/tuple [500, 200]
  : *id002
  ? !!python/tuple [550, 0]
  : *id002
  ? !!python/tuple [550, 50]
  : *id002
  ? !!python/tuple [550, 100]
  : *id002
  ? !!python/tuple [550, 150]
  : *id002
  ? !!python/tuple [550, 450]
  : *id003
  ? !!python/tuple [600, 0]
  : *id002
  ? !!python/tuple [600, 50]
  : *id002
  ? !!python/tuple [600, 100]
  : *id002
  ? !!python/tuple [600, 200]
  : *id002
  ? !!python/tuple [600, 450]
  : *id003
  ? !!python/tuple [600, 500]
  : *id003
  ? !!python/tuple [650, 0]
  : *id002
  ? !!python/tuple [650, 50]
  : *id002
  ? !!python/tuple [650, 100]
  : *id002
  ? !!python/tuple [650, 150]
  : *id002
  ? !!python/tuple [650, 300]
  : *id002
  ? !!python/tuple [650, 450]
  : *id003
  ? !!python/tuple [650, 500]
  : *id003
  ? !!python/tuple [700, 0]
  : *id002
  ? !!python/tuple [700, 50]
  : *id002
  ? !!python/tuple [700, 100]
  : *id002
  ? !!python/tuple [700, 200]
  : *id002
  ? !!python/tuple [700, 550]
  : *id003
  ? !!python/tuple [750, 0]
  : *id002
  ? !!python/tuple [750, 50]
  : *id002
  ? !!python/tuple [750, 100]
  : *id002
  ? !!python/tuple [750, 150]
  : *id002
  ? !!python/tuple [750, 250]
  : *id002
  ? !!python/tuple [750, 400]
  : *id002
  ? !!python/tuple [800, 0]
  : *id002
  ? !!python/tuple [800, 50]
  : *id002
  ? !!python/tuple [800, 100]
  : *id002
  ? !!python/tuple [800, 150]
  : *id002
  ? !!python/tuple [800, 200]
  : *id002
  ? !!python/tuple [800, 300]
  : *id002
  ? !!python/tuple [850, 0]
  : *id002
  ? !!python/tuple [850, 50]
  : *id002
  ? !!python/tuple [850, 100]
  : *id002
  ? !!python/tuple [850, 150]
  : *id002
  ? !!python/tuple [850, 200]
  : *id002
  ? !!python/tuple [850, 250]
  : *id002
  ? !!python/tuple [850, 350]
  : *id002
  ? !!python/tuple [900, 0]
  : *id002
  ? !!python/tuple [900, 50]
  : *id002
  ? !!python/tuple [900, 100]
  : *id002
  ? !!python/tuple [900, 150]
  : *id002
  ? !!python/tuple [900, 200]
  : *id002
  ? !!python/tuple [900, 250]
  : *id002
  ? !!python/tuple [950, 0]
  : *id002
  ? !!python/tuple [950, 50]
  : *id002
  ? !!python/tuple [950, 100]
  : *id002
  ? !!python/tuple [950, 150]
  : *id002
  ? !!python/tuple [950, 200]
  : *id002
  ? !!python/tuple [950, 250]
  : *id002
  ? !!python/tuple [950, 300]
  : *id002
BG Tiles:
  ? !!python/tuple [100, 650]
  : &id004 !!python/tuple
  - base
  - !!python/tuple [0, 500]
  ? !!python/tuple [150, 600]
  : *id004
  ? !!python/tuple [150, 650]
  : *id004
  ? !!python/tuple [200, 600]
  : *id004
  ? !!python/tuple [200, 650]
  : *id004
  ? !!python/tuple [250, 650]
  : *id004
  ? !!python/tuple [300, 650]
  : *id004
  ? !!python/tuple [350, 650]
  : *id004
  ? !!python/tuple [400, 650]
  : *id004
  ? !!python/tuple [450, 650]
  : *id004
  ? !!python/tuple [500, 600]
  : *id004
  ? !!python/tuple [500, 650]
  : *id004
  ? !!python/tuple [550, 650]
  : *id004
  ? !!python/tuple [600, 650]
  : *id004
  ? !!python/tuple [650, 650]
  : *id004
  ? !!python/tuple [700, 650]
  : *id004
  ? !!python/tuple [750, 650]
  : *id004
  ? !!python/tuple [800, 600]
  : *id004
  ? !!python/tuple [800, 650]
  : *id004
  ? !!python/tuple [850, 600]
  : *id004
Chests:
  ? !!python/tuple [500, 50]
  : !!python/tuple
  - item_place
  - !!python/tuple [0, 50]
  - !!python/tuple [head, helm]
  - !!python/unicode '1'
Enemies:
  ? !!python/tuple [200, 200]
  : !!python/tuple
  - enemy_place
  - &id005 !!python/tuple [0, 50]
  - 0.6
  ? !!python/tuple [350, 450]
  : !!python/tuple
  - enemy_place
  - *id005
  - 2.0
  ? !!python/tuple [400, 250]
  : !!python/tuple
  - enemy_place
  - &id006 !!python/tuple [50, 0]
  - 1.0
  ? !!python/tuple [550, 500]
  : !!python/tuple
  - enemy_place
  - *id006
  - 1.0
  ? !!python/tuple [650, 250]
  : !!python/tuple
  - enemy_place
  - *id005
  - 1.0
Environment: {}
Foreground:
  ? !!python/tuple [200, 300]
  : !!python/tuple
  - exttemple
  - !!python/tuple [350, 0]
  ? !!python/tuple [200, 350]
  : !!python/tuple
  - exttemple
  - !!python/tuple [350, 50]
  ? !!python/tuple [300, 100]
  : !!python/tuple
  - base
  - !!python/tuple [250, 400]
  ? !!python/tuple [350, 50]
  : !!python/tuple
  - base
  - !!python/tuple [300, 400]
Items:
  ? !!python/tuple [200, 400]
  : !!python/tuple
  - item_place
  - !!python/tuple [0, 0]
  - heart
  - !!python/unicode 'statue'
Portal: {}
Push:
  ? !!python/tuple [200, 400]
  : - exttemple
    - !!python/tuple [350, 100]
    - !!python/unicode '1110'
    - 2
    - !!python/unicode 'statue'
Solid:
  ? !!python/tuple [0, 0]
  : !!python/tuple
  - base
  - !!python/tuple [100, 450]
  ? !!python/tuple [0, 50]
  : &id007 !!python/tuple
  - base
  - !!python/tuple [200, 450]
  ? !!python/tuple [0, 100]
  : !!python/tuple
  - base
  - !!python/tuple [200, 450]
  ? !!python/tuple [0, 150]
  : *id007
  ? !!python/tuple [0, 200]
  : !!python/tuple
  - base
  - !!python/tuple [50, 450]
  ? !!python/tuple [0, 550]
  : &id008 !!python/tuple
  - base
  - !!python/tuple [150, 550]
  ? !!python/tuple [0, 600]
  : &id011 !!python/tuple
  - base
  - !!python/tuple [100, 550]
  ? !!python/tuple [0, 650]
  : *id008
  ? !!python/tuple [50, 50]
  : &id009 !!python/tuple
  - base
  - !!python/tuple [350, 400]
  ? !!python/tuple [50, 150]
  : *id009
  ? !!python/tuple [50, 200]
  : &id010 !!python/tuple
  - base
  - !!python/tuple [300, 550]
  ? !!python/tuple [50, 250]
  : *id008
  ? !!python/tuple [50, 350]
  : *id010
  ? !!python/tuple [50, 400]
  : *id011
  ? !!python/tuple [50, 500]
  : *id008
  ? !!python/tuple [50, 550]
  : !!python/tuple
  - misc
  - !!python/tuple [0, 50]
  ? !!python/tuple [100, 250]
  : *id008
  ? !!python/tuple [100, 300]
  : *id010
  ? !!python/tuple [100, 350]
  : *id008
  ? !!python/tuple [100, 400]
  : &id012 !!python/tuple
  - base
  - !!python/tuple [150, 550]
  ? !!python/tuple [100, 450]
  : *id012
  ? !!python/tuple [100, 500]
  : *id011
  ? !!python/tuple [150, 50]
  : *id009
  ? !!python/tuple [150, 100]
  : *id009
  ? !!python/tuple [150, 400]
  : *id010
  ? !!python/tuple [200, 0]
  : *id007
  ? !!python/tuple [200, 50]
  : *id009
  ? !!python/tuple [250, 0]
  : *id007
  ? !!python/tuple [300, 150]
  : !!python/tuple
  - base
  - !!python/tuple [250, 450]
  ? !!python/tuple [300, 500]
  : !!python/tuple
  - base
  - !!python/tuple [0, 50]
  ? !!python/tuple [300, 550]
  : !!python/tuple
  - base
  - !!python/tuple [150, 50]
  ? !!python/tuple [300, 600]
  : !!python/tuple
  - base
  - !!python/tuple [250, 50]
  ? !!python/tuple [350, 100]
  : !!python/tuple
  - base
  - !!python/tuple [300, 450]
  ? !!python/tuple [350, 350]
  : !!python/tuple
  - misc
  - !!python/tuple [100, 50]
  ? !!python/tuple [350, 500]
  : !!python/tuple
  - base
  - !!python/tuple [100, 50]
  ? !!python/tuple [350, 550]
  : !!python/tuple
  - base
  - !!python/tuple [0, 0]
  ? !!python/tuple [350, 600]
  : !!python/tuple
  - base
  - !!python/tuple [350, 50]
  ? !!python/tuple [400, 350]
  : !!python/tuple
  - misc
  - !!python/tuple [150, 50]
  ? !!python/tuple [400, 500]
  : !!python/tuple
  - base
  - !!python/tuple [50, 0]
  ? !!python/tuple [400, 550]
  : !!python/tuple
  - base
  - !!python/tuple [200, 0]
  ? !!python/tuple [400, 600]
  : !!python/tuple
  - base
  - !!python/tuple [300, 0]
  ? !!python/tuple [450, 350]
  : !!python/tuple
  - misc
  - !!python/tuple [200, 50]
  ? !!python/tuple [500, 0]
  : !!python/tuple
  - base
  - !!python/tuple [250, 50]
  ? !!python/tuple [500, 350]
  : !!python/tuple
  - misc
  - !!python/tuple [250, 50]
  ? !!python/tuple [550, 0]
  : !!python/tuple
  - base
  - !!python/tuple [0, 0]
  ? !!python/tuple [550, 50]
  : &id014 !!python/tuple
  - base
  - !!python/tuple [250, 50]
  ? !!python/tuple [600, 0]
  : &id013 !!python/tuple
  - base
  - !!python/tuple [0, 0]
  ? !!python/tuple [600, 50]
  : *id013
  ? !!python/tuple [600, 100]
  : *id014
  ? !!python/tuple [600, 450]
  : !!python/tuple
  - base
  - !!python/tuple [0, 50]
  ? !!python/tuple [600, 500]
  : !!python/tuple
  - base
  - !!python/tuple [250, 50]
  ? !!python/tuple [650, 0]
  : *id013
  ? !!python/tuple [650, 50]
  : *id013
  ? !!python/tuple [650, 100]
  : !!python/tuple
  - base
  - !!python/tuple [300, 50]
  ? !!python/tuple [650, 450]
  : !!python/tuple
  - base
  - !!python/tuple [50, 0]
  ? !!python/tuple [650, 500]
  : !!python/tuple
  - base
  - !!python/tuple [300, 0]
  ? !!python/tuple [700, 0]
  : *id013
  ? !!python/tuple [700, 50]
  : &id015 !!python/tuple
  - base
  - !!python/tuple [350, 50]
  ? !!python/tuple [750, 0]
  : *id013
  ? !!python/tuple [750, 50]
  : *id015
  ? !!python/tuple [750, 150]
  : !!python/tuple
  - misc
  - !!python/tuple [250, 0]
  ? !!python/tuple [800, 0]
  : *id013
  ? !!python/tuple [800, 50]
  : *id013
  ? !!python/tuple [800, 100]
  : &id016 !!python/tuple
  - base
  - !!python/tuple [250, 50]
  ? !!python/tuple [850, 0]
  : *id013
  ? !!python/tuple [850, 50]
  : *id013
  ? !!python/tuple [850, 100]
  : *id013
  ? !!python/tuple [850, 150]
  : *id016
  ? !!python/tuple [900, 0]
  : &id017 !!python/tuple
  - base
  - !!python/tuple [0, 0]
  ? !!python/tuple [900, 50]
  : *id017
  ? !!python/tuple [900, 100]
  : *id013
  ? !!python/tuple [900, 150]
  : !!python/tuple
  - base
  - !!python/tuple [0, 0]
  ? !!python/tuple [900, 200]
  : *id016
  ? !!python/tuple [950, 0]
  : *id017
  ? !!python/tuple [950, 50]
  : *id017
  ? !!python/tuple [950, 100]
  : *id017
  ? !!python/tuple [950, 150]
  : *id017
  ? !!python/tuple [950, 200]
  : !!python/tuple
  - base
  - !!python/tuple [350, 50]
Solid/Fore: {}
Water: {}
